Godot Engine v4.6.3.stable.official.7d41c59c4 - https://godotengine.org
Vulkan 1.4.329 - Forward+ - Using Device #0: NVIDIA - NVIDIA GeForce RTX 4060 Ti

WARNING: Nodes with non-equal opposite anchors will have their size overridden after _ready(). 
If you want to set size, change the anchors or consider using set_deferred().
   at: _set_size (scene/gui/control.cpp:1487)
   GDScript backtrace (most recent call first):
       [0] _create_button (res://scripts/ui/touch_controls.gd:93)
       [1] _ready (res://scripts/ui/touch_controls.gd:23)
WARNING: Nodes with non-equal opposite anchors will have their size overridden after _ready(). 
If you want to set size, change the anchors or consider using set_deferred().
   at: _set_size (scene/gui/control.cpp:1487)
   GDScript backtrace (most recent call first):
       [0] _create_button (res://scripts/ui/touch_controls.gd:93)
       [1] _ready (res://scripts/ui/touch_controls.gd:24)
WARNING: Nodes with non-equal opposite anchors will have their size overridden after _ready(). 
If you want to set size, change the anchors or consider using set_deferred().
   at: _set_size (scene/gui/control.cpp:1487)
   GDScript backtrace (most recent call first):
       [0] _create_button (res://scripts/ui/touch_controls.gd:93)
       [1] _ready (res://scripts/ui/touch_controls.gd:25)
ERROR: Condition "format != FORMAT_RGB8 && format != FORMAT_RGBA8" is true.
   at: linear_to_srgb (core/io/image.cpp:4196)
   GDScript backtrace (most recent call first):
       [0] _save_debug_shot (res://scripts/game_world.gd:6325)
ERROR: Condition "format != FORMAT_RGB8 && format != FORMAT_RGBA8" is true.
   at: linear_to_srgb (core/io/image.cpp:4196)
   GDScript backtrace (most recent call first):
       [0] _save_debug_shot (res://scripts/game_world.gd:6325)
ERROR: Condition "format != FORMAT_RGB8 && format != FORMAT_RGBA8" is true.
   at: linear_to_srgb (core/io/image.cpp:4196)
   GDScript backtrace (most recent call first):
       [0] _save_debug_shot (res://scripts/game_world.gd:6325)
ERROR: Condition "format != FORMAT_RGB8 && format != FORMAT_RGBA8" is true.
   at: linear_to_srgb (core/io/image.cpp:4196)
   GDScript backtrace (most recent call first):
       [0] _save_debug_shot (res://scripts/game_world.gd:6325)
