Godot Engine v4.6.3.stable.official.7d41c59c4 - https://godotengine.org
Vulkan 1.4.329 - Forward+ - Using Device #0: NVIDIA - NVIDIA GeForce RTX 4060 Ti

ERROR: Condition "format != FORMAT_RGB8 && format != FORMAT_RGBA8" is true.
   at: linear_to_srgb (core/io/image.cpp:4196)
   GDScript backtrace (most recent call first):
       [0] _save_debug_shot (res://scripts/game_world.gd:6384)
ERROR: Condition "format != FORMAT_RGB8 && format != FORMAT_RGBA8" is true.
   at: linear_to_srgb (core/io/image.cpp:4196)
   GDScript backtrace (most recent call first):
       [0] _save_debug_shot (res://scripts/game_world.gd:6384)
ERROR: Condition "format != FORMAT_RGB8 && format != FORMAT_RGBA8" is true.
   at: linear_to_srgb (core/io/image.cpp:4196)
   GDScript backtrace (most recent call first):
       [0] _save_debug_shot (res://scripts/game_world.gd:6384)
ERROR: Condition "format != FORMAT_RGB8 && format != FORMAT_RGBA8" is true.
   at: linear_to_srgb (core/io/image.cpp:4196)
   GDScript backtrace (most recent call first):
       [0] _save_debug_shot (res://scripts/game_world.gd:6384)
ERROR: Condition "format != FORMAT_RGB8 && format != FORMAT_RGBA8" is true.
   at: linear_to_srgb (core/io/image.cpp:4196)
   GDScript backtrace (most recent call first):
       [0] _save_debug_shot (res://scripts/game_world.gd:6384)
